// Vitest Snapshot v1, https://vitest.dev/guide/snapshot.html

exports[`Generic includer > should use autotitle option 1`] = `
"items:
  - name: index
    href: index.md
  - name: test
    href: test.md
  - name: sub
    items:
      - name: sub-1
        href: sub/sub-1.md
      - name: sub-2
        href: sub/sub-2.md
      - name: sub
        items:
          - name: sub-3
            href: sub/sub/sub-3.md
  - name: skip
    items:
      - name: sub
        items:
          - name: sub-1
            href: skip/sub/sub-1.md
"
`;

exports[`Generic includer > should use top path as input root, if input is not specified 1`] = `
"items:
  - href: index.md
  - href: test.md
  - name: sub
    items:
      - href: sub/sub-1.md
      - href: sub/sub-2.md
      - name: sub
        items:
          - href: sub/sub/sub-3.md
  - name: skip
    items:
      - name: sub
        items:
          - href: skip/sub/sub-1.md
"
`;

exports[`Generic includer > should work 1`] = `
"items:
  - href: index.md
  - href: test.md
  - name: sub
    items:
      - href: sub/sub-1.md
      - href: sub/sub-2.md
      - name: sub
        items:
          - href: sub/sub/sub-3.md
  - name: skip
    items:
      - name: sub
        items:
          - href: skip/sub/sub-1.md
"
`;
