// Vitest Snapshot v1, https://vitest.dev/guide/snapshot.html

exports[`Pdf page mode > transforms links correctly > filelist 1`] = `
"[
  "pdf-page-toc.js",
  "pdf-page.html",
  "pdf-page.json"
]"
`;

exports[`Pdf page mode > transforms links correctly 1`] = `"window.__DATA__.data.toc = {"title":"Skip html extension","href":"#index","items":[{"name":"Title 1","href":"#page1","id":"UUID"}],"path":"toc.yaml","id":"UUID"};"`;

exports[`Pdf page mode > transforms links correctly 2`] = `
"<!DOCTYPE html>
<html lang="ru" dir="ltr">
    <head>
        <meta charset="utf-8">
        <meta name="viewport" content="width=device-width, initial-scale=1.0">
        <base href="./" />
        <title>Skip html extension | Skip html extension</title>
        <meta name="generator" content="Diplodoc Platform vDIPLODOC-VERSION">
        <style type="text/css">html, body {min-height:100vh; height:100vh;}</style>
    </head>
    <body class="g-root g-root_theme_light">
        <div id="root"></div>
        <script type="application/json" id="diplodoc-state">
            {"data":{"leading":false,"html":"&lt;h2 data-original-article=\\"index.html\\"&gt;Header&lt;a class=\\"yfm-anchor\\" aria-hidden=\\"true\\" href=\\"#index\\" id=\\"index\\"&gt;&lt;/a&gt;&lt;/h2&gt;&lt;p&gt;Content&lt;/p&gt;/n&lt;p&gt;&lt;a href=\\"#page1\\"&gt;Link 1&lt;/a&gt;&lt;br&gt;/n&lt;a href=\\"page2.html\\"&gt;Link 2&lt;/a&gt;&lt;/p&gt;/n&lt;hr class=\\"yfm-page__delimeter\\"&gt;&lt;h2 data-original-article=\\"page1.html\\"&gt;Page 1&lt;a class=\\"yfm-anchor\\" aria-hidden=\\"true\\" href=\\"#page1\\" id=\\"page1\\"&gt;&lt;/a&gt;&lt;/h2&gt;&lt;p&gt;&lt;a href=\\"page2.html#hash\\"&gt;Link&lt;/a&gt;&lt;/p&gt;/n","headings":[],"meta":{"metadata":[{"name":"generator","content":"Diplodoc Platform vDIPLODOC-VERSION"}]},"title":"Skip html extension"},"router":{"pathname":"pdf-page","depth":1,"base":"./"},"lang":"ru","langs":["ru"],"viewerInterface":{"toc":true,"search":true,"feedback":true}}
        </script>
        <script type="application/javascript">
            const data = document.querySelector('script#diplodoc-state');
            window.__DATA__ = JSON.parse((function unescape(string) {
                return string.replace(/&lt;/g, "<").replace(/&gt;/g, ">").replace(/&amp;/g, "&");
              })(data.innerText));
            window.STATIC_CONTENT = false;
        </script>
        <script type="application/javascript" defer src="pdf-page.html"></script>
    </body>
</html>"
`;

exports[`Pdf page mode > transforms links correctly 3`] = `"{"data":{"leading":false,"html":"<h2 data-original-article=\\"index.html\\">Header<a class=\\"yfm-anchor\\" aria-hidden=\\"true\\" href=\\"#index\\" id=\\"index\\"></a></h2><p>Content</p>/n<p><a href=\\"#page1\\">Link 1</a><br>/n<a href=\\"page2.html\\">Link 2</a></p>/n<hr class=\\"yfm-page__delimeter\\"><h2 data-original-article=\\"page1.html\\">Page 1<a class=\\"yfm-anchor\\" aria-hidden=\\"true\\" href=\\"#page1\\" id=\\"page1\\"></a></h2><p><a href=\\"page2.html#hash\\">Link</a></p>/n","headings":[],"meta":{"metadata":[{"name":"generator","content":"Diplodoc Platform vDIPLODOC-VERSION"}]},"title":"Skip html extension","toc":{"title":"Skip html extension","href":"index.html","items":[{"name":"Title 1","href":"page1.html","id":"UUID"}],"path":"toc.yaml","id":"UUID"}},"router":{"pathname":"pdf-page","depth":1,"base":"./"},"lang":"ru","langs":["ru"],"viewerInterface":{"toc":true,"search":true,"feedback":true}}"`;
